******************************************************************************
            TI ARM Clang Linker PC v4.0.1                      
******************************************************************************
>> Linked Tue Mar  4 13:28:19 2025

OUTPUT FILE NAME:   <ECE319K_Lab5.out>
ENTRY POINT SYMBOL: "_c_int00_noargs"  address: 000007b1


MEMORY CONFIGURATION

         name            origin    length      used     unused   attr    fill
----------------------  --------  ---------  --------  --------  ----  --------
  FLASH                 00000000   00020000  000009d8  0001f628  R  X
  SRAM                  20200000   00008000  00000600  00007a00  RW X
  BCR_CONFIG            41c00000   00000080  00000000  00000080  R   
  BSL_CONFIG            41c00100   00000080  00000000  00000080  R   


SEGMENT ALLOCATION MAP

run origin  load origin   length   init length attrs members
----------  ----------- ---------- ----------- ----- -------
00000000    00000000    000009d8   000009d8    r-x
  00000000    00000000    000000c0   000000c0    r-- .intvecs
  000000c0    000000c0    00000870   00000870    r-x .text
  00000930    00000930    00000078   00000078    r-- .rodata
  000009a8    000009a8    00000030   00000030    r-- .cinit
20200000    20200000    00000400   00000000    rw-
  20200000    20200000    00000200   00000000    rw- .sysmem
  20200200    20200200    000001fc   00000000    rw- .bss
  202003fc    202003fc    00000004   00000000    rw- .data
20207e00    20207e00    00000200   00000000    rw-
  20207e00    20207e00    00000200   00000000    rw- .stack


SECTION ALLOCATION MAP

 output                                  attributes/
section   page    origin      length       input sections
--------  ----  ----------  ----------   ----------------
.intvecs   0    00000000    000000c0     
                  00000000    000000c0     startup_mspm0g3507_ticlang.o (.intvecs)

.text      0    000000c0    00000870     
                  000000c0    000001b4     Clock.o (.text.Clock_Init80MHz)
                  00000274    00000098     ECE319K_Lab5main.o (.text.main)
                  0000030c    0000007c     LaunchPad.o (.text.LaunchPad_Init)
                  00000388    0000007c     libc.a : copy_decompress_lzss.c.obj (.text:decompress:lzss)
                  00000404    00000060     Timer.o (.text.TimerG12_Init)
                  00000464    0000005c     UARTints.o (.text.UART0_IRQHandler)
                  000004c0    00000058     UARTints.o (.text.copyHardwareToSoftware)
                  00000518    00000050     Dump.o (.text.Debug_Dump)
                  00000568    0000004c     FIFO.o (.text.RxFifo_Put)
                  000005b4    0000004c     FIFO.o (.text.TxFifo_Get)
                  00000600    0000004c     FIFO.o (.text.TxFifo_Put)
                  0000064c    0000004c     UARTints.o (.text.copySoftwareToHardware)
                  00000698    00000040     UARTints.o (.text.UART_OutChar)
                  000006d8    0000003c     DAC5.o (.text.DAC5_Init)
                  00000714    0000003c     libc.a : autoinit.c.obj (.text:__TI_auto_init_nobinit_nopinit)
                  00000750    00000038     LaunchPad.o (.text.ActivatePortA_B)
                  00000788    00000028     ECE319K_Lab5Grader.o (.text.Grader_Init)
                  000007b0    00000028     libc.a : boot_cortex_m.c.obj (.text:_c_int00_noargs)
                  000007d8    00000026     UART.o (.text.UART_OutString)
                  000007fe    00000002     ECE319K_Lab5main.o (.text.SysTick_Handler)
                  00000800    00000024     ECE319K_Lab5Grader.o (.text.TIMG7_IRQHandler)
                  00000824    0000001c     DAC5.o (.text.DAC5_Out)
                  00000840    0000001c     startup_mspm0g3507_ticlang.o (.text.Default_Handler)
                  0000085c    0000001c     startup_mspm0g3507_ticlang.o (.text.HardFault_Handler)
                  00000878    00000018     FIFO.o (.text.RxFifo_Size)
                  00000890    00000018     FIFO.o (.text.TxFifo_Size)
                  000008a8    00000016     libc.a : copy_zero_init.c.obj (.text:decompress:ZI:__TI_zero_init_nomemset)
                  000008be    00000002     --HOLE-- [fill = 0]
                  000008c0    00000014     Dump.o (.text.Debug_Init)
                  000008d4    00000012     libc.a : memcpy16.S.obj (.text:TI_memcpy_small)
                  000008e6    00000012            : copy_decompress_none.c.obj (.text:decompress:none)
                  000008f8    00000010     Clock.o (.text.Clock_Delay)
                  00000908    00000010     LaunchPad.o (.text.Delay)
                  00000918    00000008     libclang_rt.builtins.a : aeabi_memcpy.S.obj (.text.__aeabi_memcpy)
                  00000920    00000004     startup_mspm0g3507_ticlang.o (.text.Reset_Handler)
                  00000924    00000004     libc.a : pre_init.c.obj (.text._system_pre_init)
                  00000928    00000004            : exit.c.obj (.text:abort)
                  0000092c    00000004     --HOLE-- [fill = 0]

.cinit     0    000009a8    00000030     
                  000009a8    0000000c     (__TI_handler_table)
                  000009b4    00000008     (.cinit..bss.load) [load image, compression = zero_init]
                  000009bc    00000008     (.cinit..data.load) [load image, compression = lzss]
                  000009c4    00000010     (__TI_cinit_table)
                  000009d4    00000004     --HOLE-- [fill = 0]

.rodata    0    00000930    00000078     
                  00000930    00000030     ECE319K_Lab5main.o (.rodata.Inputs)
                  00000960    0000002f     ECE319K_Lab5main.o (.rodata.str1.117956256048312569671)
                  0000098f    00000014     ECE319K_Lab5main.o (.rodata.str1.96537639489935734771)
                  000009a3    00000005     --HOLE-- [fill = 0]

.init_array 
*          0    00000000    00000000     UNINITIALIZED

.binit     0    00000000    00000000     

.sysmem    0    20200000    00000200     UNINITIALIZED
                  20200000    00000010     libc.a : memory.c.obj (.sysmem)
                  20200010    000001f0     --HOLE--

.bss       0    20200200    000001fc     UNINITIALIZED
                  20200200    000000c8     (.common:DataBuffer)
                  202002c8    000000c8     (.common:TimeBuffer)
                  20200390    00000040     FIFO.o (.bss.TxFifo)
                  202003d0    00000010     FIFO.o (.bss.RxFifo)
                  202003e0    00000004     (.common:DebugCnt)
                  202003e4    00000004     (.common:PeriodicTask2)
                  202003e8    00000004     (.common:RxGetI)
                  202003ec    00000004     (.common:RxPutI)
                  202003f0    00000004     (.common:Testdata)
                  202003f4    00000004     (.common:TxGetI)
                  202003f8    00000004     (.common:TxPutI)

.data      0    202003fc    00000004     UNINITIALIZED
                  202003fc    00000004     Clock.o (.data.BusFreq)

.stack     0    20207e00    00000200     UNINITIALIZED
                  20207e00    00000004     libc.a : boot_cortex_m.c.obj (.stack)
                  20207e04    000001fc     --HOLE--

__llvm_prf_cnts 
*          0    20200000    00000000     UNINITIALIZED

__llvm_prf_bits 
*          0    20200000    00000000     UNINITIALIZED

MODULE SUMMARY

       Module                         code   ro data   rw data
       ------                         ----   -------   -------
    .\
       Dump.o                         100    0         404    
       Clock.o                        452    0         4      
       FIFO.o                         276    0         96     
       UARTints.o                     320    0         0      
       ECE319K_Lab5main.o             154    115       4      
       LaunchPad.o                    196    0         0      
       Timer.o                        96     0         0      
       DAC5.o                         88     0         0      
       ECE319K_Lab5Grader.o           76     0         4      
       UART.o                         38     0         0      
    +--+------------------------------+------+---------+---------+
       Total:                         1796   115       512    
                                                              
    .\ticlang\
       startup_mspm0g3507_ticlang.o   60     192       0      
    +--+------------------------------+------+---------+---------+
       Total:                         60     192       0      
                                                              
    C:\ti\ccs2000\ccs\tools\compiler\ti-cgt-armllvm_4.0.1.LTS\lib\armv6m-ti-none-eabi/c/libc.a
       copy_decompress_lzss.c.obj     124    0         0      
       autoinit.c.obj                 60     0         0      
       boot_cortex_m.c.obj            40     0         0      
       copy_zero_init.c.obj           22     0         0      
       copy_decompress_none.c.obj     18     0         0      
       memcpy16.S.obj                 18     0         0      
       exit.c.obj                     4      0         0      
       pre_init.c.obj                 4      0         0      
    +--+------------------------------+------+---------+---------+
       Total:                         290    0         0      
                                                              
    C:\ti\ccs2000\ccs\tools\compiler\ti-cgt-armllvm_4.0.1.LTS\lib\armv6m-ti-none-eabi/libclang_rt.builtins.a
       aeabi_memcpy.S.obj             8      0         0      
    +--+------------------------------+------+---------+---------+
       Total:                         8      0         0      
                                                              
       Heap:                          0      0         512    
       Stack:                         0      0         512    
       Linker Generated:              0      44        0      
    +--+------------------------------+------+---------+---------+
       Grand Total:                   2154   351       1536   


LINKER GENERATED COPY TABLES

__TI_cinit_table @ 000009c4 records: 2, size/record: 8, table size: 16
	.bss: load addr=000009b4, load size=00000008 bytes, run addr=20200200, run size=000001fc bytes, compression=zero_init
	.data: load addr=000009bc, load size=00000008 bytes, run addr=202003fc, run size=00000004 bytes, compression=lzss


LINKER GENERATED HANDLER TABLE

__TI_handler_table @ 000009a8 records: 3, size/record: 4, table size: 12
	index: 0, handler: __TI_decompress_lzss
	index: 1, handler: __TI_decompress_none
	index: 2, handler: __TI_zero_init


GLOBAL SYMBOLS: SORTED ALPHABETICALLY BY Name 

address   name                          
-------   ----                          
00000841  ADC0_IRQHandler               
00000841  ADC1_IRQHandler               
00000841  AES_IRQHandler                
00000751  ActivatePortA_B               
202003fc  BusFreq                       
00000928  C$$EXIT                       
00000841  CANFD0_IRQHandler             
000008f9  Clock_Delay                   
000000c1  Clock_Init80MHz               
00000841  DAC0_IRQHandler               
000006d9  DAC5_Init                     
00000825  DAC5_Out                      
00000841  DMA_IRQHandler                
20200200  DataBuffer                    
202003e0  DebugCnt                      
00000519  Debug_Dump                    
000008c1  Debug_Init                    
00000841  Default_Handler               
00000909  Delay                         
00000841  GROUP0_IRQHandler             
00000841  GROUP1_IRQHandler             
00000789  Grader_Init                   
0000085d  HardFault_Handler             
00000841  I2C0_IRQHandler               
00000841  I2C1_IRQHandler               
00000930  Inputs                        
0000030d  LaunchPad_Init                
00000841  NMI_Handler                   
00000841  PendSV_Handler                
202003e4  PeriodicTask2                 
00000841  RTC_IRQHandler                
00000921  Reset_Handler                 
00000569  RxFifo_Put                    
00000879  RxFifo_Size                   
202003e8  RxGetI                        
202003ec  RxPutI                        
00000841  SPI0_IRQHandler               
00000841  SPI1_IRQHandler               
00000841  SVC_Handler                   
000007ff  SysTick_Handler               
00000841  TIMA0_IRQHandler              
00000841  TIMA1_IRQHandler              
00000841  TIMG0_IRQHandler              
00000841  TIMG12_IRQHandler             
00000841  TIMG6_IRQHandler              
00000801  TIMG7_IRQHandler              
00000841  TIMG8_IRQHandler              
000008d5  TI_memcpy_small               
202003f0  Testdata                      
202002c8  TimeBuffer                    
00000405  TimerG12_Init                 
000005b5  TxFifo_Get                    
00000601  TxFifo_Put                    
00000891  TxFifo_Size                   
202003f4  TxGetI                        
202003f8  TxPutI                        
00000465  UART0_IRQHandler              
00000841  UART1_IRQHandler              
00000841  UART2_IRQHandler              
00000841  UART3_IRQHandler              
00000699  UART_OutChar                  
000007d9  UART_OutString                
20208000  __STACK_END                   
00000200  __STACK_SIZE                  
00000200  __SYSMEM_SIZE                 
00000000  __TI_ATRegion0_region_sz      
00000000  __TI_ATRegion0_src_addr       
00000000  __TI_ATRegion0_trg_addr       
00000000  __TI_ATRegion1_region_sz      
00000000  __TI_ATRegion1_src_addr       
00000000  __TI_ATRegion1_trg_addr       
00000000  __TI_ATRegion2_region_sz      
00000000  __TI_ATRegion2_src_addr       
00000000  __TI_ATRegion2_trg_addr       
000009c4  __TI_CINIT_Base               
000009d4  __TI_CINIT_Limit              
000009d4  __TI_CINIT_Warm               
000009a8  __TI_Handler_Table_Base       
000009b4  __TI_Handler_Table_Limit      
00000715  __TI_auto_init_nobinit_nopinit
00000389  __TI_decompress_lzss          
000008e7  __TI_decompress_none          
ffffffff  __TI_pprof_out_hndl           
ffffffff  __TI_prof_data_size           
ffffffff  __TI_prof_data_start          
00000000  __TI_static_base__            
000008a9  __TI_zero_init_nomemset       
00000919  __aeabi_memcpy                
00000919  __aeabi_memcpy4               
00000919  __aeabi_memcpy8               
ffffffff  __binit__                     
UNDEFED   __mpu_init                    
20207e00  __stack                       
20200000  __start___llvm_prf_bits       
20200000  __start___llvm_prf_cnts       
20200000  __stop___llvm_prf_bits        
20200000  __stop___llvm_prf_cnts        
000007b1  _c_int00_noargs               
20200000  _sys_memory                   
UNDEFED   _system_post_cinit            
00000925  _system_pre_init              
00000929  abort                         
ffffffff  binit                         
00000000  interruptVectors              
00000275  main                          


GLOBAL SYMBOLS: SORTED BY Symbol Address 

address   name                          
-------   ----                          
00000000  __TI_ATRegion0_region_sz      
00000000  __TI_ATRegion0_src_addr       
00000000  __TI_ATRegion0_trg_addr       
00000000  __TI_ATRegion1_region_sz      
00000000  __TI_ATRegion1_src_addr       
00000000  __TI_ATRegion1_trg_addr       
00000000  __TI_ATRegion2_region_sz      
00000000  __TI_ATRegion2_src_addr       
00000000  __TI_ATRegion2_trg_addr       
00000000  __TI_static_base__            
00000000  interruptVectors              
000000c1  Clock_Init80MHz               
00000200  __STACK_SIZE                  
00000200  __SYSMEM_SIZE                 
00000275  main                          
0000030d  LaunchPad_Init                
00000389  __TI_decompress_lzss          
00000405  TimerG12_Init                 
00000465  UART0_IRQHandler              
00000519  Debug_Dump                    
00000569  RxFifo_Put                    
000005b5  TxFifo_Get                    
00000601  TxFifo_Put                    
00000699  UART_OutChar                  
000006d9  DAC5_Init                     
00000715  __TI_auto_init_nobinit_nopinit
00000751  ActivatePortA_B               
00000789  Grader_Init                   
000007b1  _c_int00_noargs               
000007d9  UART_OutString                
000007ff  SysTick_Handler               
00000801  TIMG7_IRQHandler              
00000825  DAC5_Out                      
00000841  ADC0_IRQHandler               
00000841  ADC1_IRQHandler               
00000841  AES_IRQHandler                
00000841  CANFD0_IRQHandler             
00000841  DAC0_IRQHandler               
00000841  DMA_IRQHandler                
00000841  Default_Handler               
00000841  GROUP0_IRQHandler             
00000841  GROUP1_IRQHandler             
00000841  I2C0_IRQHandler               
00000841  I2C1_IRQHandler               
00000841  NMI_Handler                   
00000841  PendSV_Handler                
00000841  RTC_IRQHandler                
00000841  SPI0_IRQHandler               
00000841  SPI1_IRQHandler               
00000841  SVC_Handler                   
00000841  TIMA0_IRQHandler              
00000841  TIMA1_IRQHandler              
00000841  TIMG0_IRQHandler              
00000841  TIMG12_IRQHandler             
00000841  TIMG6_IRQHandler              
00000841  TIMG8_IRQHandler              
00000841  UART1_IRQHandler              
00000841  UART2_IRQHandler              
00000841  UART3_IRQHandler              
0000085d  HardFault_Handler             
00000879  RxFifo_Size                   
00000891  TxFifo_Size                   
000008a9  __TI_zero_init_nomemset       
000008c1  Debug_Init                    
000008d5  TI_memcpy_small               
000008e7  __TI_decompress_none          
000008f9  Clock_Delay                   
00000909  Delay                         
00000919  __aeabi_memcpy                
00000919  __aeabi_memcpy4               
00000919  __aeabi_memcpy8               
00000921  Reset_Handler                 
00000925  _system_pre_init              
00000928  C$$EXIT                       
00000929  abort                         
00000930  Inputs                        
000009a8  __TI_Handler_Table_Base       
000009b4  __TI_Handler_Table_Limit      
000009c4  __TI_CINIT_Base               
000009d4  __TI_CINIT_Limit              
000009d4  __TI_CINIT_Warm               
20200000  __start___llvm_prf_bits       
20200000  __start___llvm_prf_cnts       
20200000  __stop___llvm_prf_bits        
20200000  __stop___llvm_prf_cnts        
20200000  _sys_memory                   
20200200  DataBuffer                    
202002c8  TimeBuffer                    
202003e0  DebugCnt                      
202003e4  PeriodicTask2                 
202003e8  RxGetI                        
202003ec  RxPutI                        
202003f0  Testdata                      
202003f4  TxGetI                        
202003f8  TxPutI                        
202003fc  BusFreq                       
20207e00  __stack                       
20208000  __STACK_END                   
ffffffff  __TI_pprof_out_hndl           
ffffffff  __TI_prof_data_size           
ffffffff  __TI_prof_data_start          
ffffffff  __binit__                     
ffffffff  binit                         
UNDEFED   __mpu_init                    
UNDEFED   _system_post_cinit            

[105 symbols]
