******************************************************************************
            TI ARM Clang Linker PC v4.0.1                      
******************************************************************************
>> Linked Tue Mar  4 11:54:21 2025

OUTPUT FILE NAME:   <ECE319K_Lab5.out>
ENTRY POINT SYMBOL: "_c_int00_noargs"  address: 00001409


MEMORY CONFIGURATION

         name            origin    length      used     unused   attr    fill
----------------------  --------  ---------  --------  --------  ----  --------
  FLASH                 00000000   00020000  00001ba0  0001e460  R  X
  SRAM                  20200000   00008000  000004d4  00007b2c  RW X
  BCR_CONFIG            41c00000   00000080  00000000  00000080  R   
  BSL_CONFIG            41c00100   00000080  00000000  00000080  R   


SEGMENT ALLOCATION MAP

run origin  load origin   length   init length attrs members
----------  ----------- ---------- ----------- ----- -------
00000000    00000000    00001ba0   00001ba0    r-x
  00000000    00000000    000000c0   000000c0    r-- .intvecs
  000000c0    000000c0    00001530   00001530    r-x .text
  000015f0    000015f0    00000580   00000580    r-- .rodata
  00001b70    00001b70    00000030   00000030    r-- .cinit
20200000    20200000    000002d4   00000000    rw-
  20200000    20200000    00000200   00000000    rw- .sysmem
  20200200    20200200    000000bc   00000000    rw- .bss
  202002bc    202002bc    00000018   00000000    rw- .data
20207e00    20207e00    00000200   00000000    rw-
  20207e00    20207e00    00000200   00000000    rw- .stack


SECTION ALLOCATION MAP

 output                                  attributes/
section   page    origin      length       input sections
--------  ----  ----------  ----------   ----------------
.intvecs   0    00000000    000000c0     
                  00000000    000000c0     startup_mspm0g3507_ticlang.o (.intvecs)

.text      0    000000c0    00001530     
                  000000c0    000002c4     ECE319K_Lab5Grader.o (.text.FFT)
                  00000384    00000280     ECE319K_Lab5Grader.o (.text.Lab5Grader)
                  00000604    0000024c     ECE319K_Lab5Grader.o (.text.lab5grader)
                  00000850    000001b4     Clock.o (.text.Clock_Init80MHz)
                  00000a04    00000158     ECE319K_Lab5Grader.o (.text.CheckInitialization)
                  00000b5c    00000134     ECE319K_Lab5Grader.o (.text.ADC_Init)
                  00000c90    00000130     UARTints.o (.text.UART_Init)
                  00000dc0    000000a8     Timer.o (.text.TimerG7_IntArm)
                  00000e68    00000008     libclang_rt.builtins.a : aeabi_memcpy.S.obj (.text.__aeabi_memcpy)
                  00000e70    00000088     libc.a : strcmp-armv6m.S.obj (.text:strcmp)
                  00000ef8    0000007c     LaunchPad.o (.text.LaunchPad_Init)
                  00000f74    0000007c     libc.a : copy_decompress_lzss.c.obj (.text:decompress:lzss)
                  00000ff0    0000005c     UARTints.o (.text.UART0_IRQHandler)
                  0000104c    00000058     UARTints.o (.text.copyHardwareToSoftware)
                  000010a4    00000056     libclang_rt.builtins.a : aeabi_idivmod.S.obj (.text.__aeabi_idivmod)
                  000010fa    00000002     ECE319K_Lab5main.o (.text.SysTick_Handler)
                  000010fc    0000004c     FIFO.o (.text.RxFifo_Put)
                  00001148    0000004c     FIFO.o (.text.TxFifo_Get)
                  00001194    0000004c     FIFO.o (.text.TxFifo_Put)
                  000011e0    0000004c     UARTints.o (.text.copySoftwareToHardware)
                  0000122c    00000040     UARTints.o (.text.UART_OutChar)
                  0000126c    00000040     libclang_rt.builtins.a : aeabi_uidivmod.S.obj (.text.__aeabi_uidivmod)
                  000012ac    0000003c     libc.a : autoinit.c.obj (.text:__TI_auto_init_nobinit_nopinit)
                  000012e8    00000038     LaunchPad.o (.text.ActivatePortA_B)
                  00001320    00000036     UART.o (.text.UART_OutUDec)
                  00001356    00000034     ECE319K_Lab5Grader.o (.text.setUpper)
                  0000138a    00000002     libclang_rt.builtins.a : aeabi_div0.c.obj (.text.__aeabi_idiv0)
                  0000138c    0000002c     ECE319K_Lab5Grader.o (.text.ReadInput)
                  000013b8    00000028     ECE319K_Lab5Grader.o (.text.ADC_Start)
                  000013e0    00000028     ECE319K_Lab5Grader.o (.text.LogicAnalyzer)
                  00001408    00000028     libc.a : boot_cortex_m.c.obj (.text:_c_int00_noargs)
                  00001430    00000026     UART.o (.text.UART_OutString)
                  00001456    00000002     --HOLE-- [fill = 0]
                  00001458    00000024     ECE319K_Lab5Grader.o (.text.TIMG7_IRQHandler)
                  0000147c    00000020     ECE319K_Lab5Grader.o (.text.Random32)
                  0000149c    0000001c     startup_mspm0g3507_ticlang.o (.text.Default_Handler)
                  000014b8    0000001c     startup_mspm0g3507_ticlang.o (.text.HardFault_Handler)
                  000014d4    0000001c     ECE319K_Lab5main.o (.text.main)
                  000014f0    00000018     FIFO.o (.text.RxFifo_Size)
                  00001508    00000018     ECE319K_Lab5Grader.o (.text.Scope)
                  00001520    00000018     FIFO.o (.text.TxFifo_Size)
                  00001538    00000016     libc.a : copy_zero_init.c.obj (.text:decompress:ZI:__TI_zero_init_nomemset)
                  0000154e    00000002     --HOLE-- [fill = 0]
                  00001550    00000014     FIFO.o (.text.RxFifo_Init)
                  00001564    00000014     FIFO.o (.text.TxFifo_Init)
                  00001578    00000012     libc.a : memcpy16.S.obj (.text:TI_memcpy_small)
                  0000158a    00000012            : copy_decompress_none.c.obj (.text:decompress:none)
                  0000159c    00000010     Clock.o (.text.Clock_Delay)
                  000015ac    00000010     LaunchPad.o (.text.Delay)
                  000015bc    00000010     ECE319K_Lab5Grader.o (.text.OutCRLF)
                  000015cc    0000000c     Clock.o (.text.Clock_Freq)
                  000015d8    00000004     startup_mspm0g3507_ticlang.o (.text.Reset_Handler)
                  000015dc    00000004     libc.a : pre_init.c.obj (.text._system_pre_init)
                  000015e0    00000004            : exit.c.obj (.text:abort)
                  000015e4    0000000c     --HOLE-- [fill = 0]

.cinit     0    00001b70    00000030     
                  00001b70    0000000c     (.cinit..data.load) [load image, compression = lzss]
                  00001b7c    0000000c     (__TI_handler_table)
                  00001b88    00000008     (.cinit..bss.load) [load image, compression = zero_init]
                  00001b90    00000010     (__TI_cinit_table)

.rodata    0    000015f0    00000580     
                  000015f0    00000280     ECE319K_Lab5Grader.o (.rodata.NotesProblem)
                  00001870    00000080     ECE319K_Lab5Grader.o (.rodata.NotesPeriod)
                  000018f0    0000004b     ECE319K_Lab5Grader.o (.rodata.str1.50055286786680503271)
                  0000193b    0000003a     ECE319K_Lab5Grader.o (.rodata.str1.145938324600070204741)
                  00001975    00000038     ECE319K_Lab5Grader.o (.rodata.str1.184216038014363249021)
                  000019ad    00000037     ECE319K_Lab5Grader.o (.rodata.str1.77916425379104532341)
                  000019e4    0000002f     ECE319K_Lab5Grader.o (.rodata.str1.88270396947434664971)
                  00001a13    0000002e     ECE319K_Lab5Grader.o (.rodata.str1.82889096367739448671)
                  00001a41    00000003     --HOLE-- [fill = 0]
                  00001a44    00000020     ECE319K_Lab5Grader.o (.rodata.IMULTIPLIERS)
                  00001a64    00000020     ECE319K_Lab5Grader.o (.rodata.RMULTIPLIERS)
                  00001a84    0000001c     ECE319K_Lab5Grader.o (.rodata.str1.33577952556368563241)
                  00001aa0    00000015     ECE319K_Lab5Grader.o (.rodata.str1.89560966556991981321)
                  00001ab5    00000014     ECE319K_Lab5Grader.o (.rodata.str1.88020494194792965821)
                  00001ac9    00000014     ECE319K_Lab5Grader.o (.rodata.str1.93559642825387313591)
                  00001add    00000013     ECE319K_Lab5Grader.o (.rodata.str1.71487878760028771091)
                  00001af0    00000011     ECE319K_Lab5Grader.o (.rodata.str1.137129017328727778561)
                  00001b01    00000010     ECE319K_Lab5Grader.o (.rodata.str1.148502664100618170541)
                  00001b11    00000010     ECE319K_Lab5Grader.o (.rodata.str1.49863426935575252381)
                  00001b21    0000000f     ECE319K_Lab5Grader.o (.rodata.str1.53906281691987897811)
                  00001b30    0000000e     ECE319K_Lab5Grader.o (.rodata.str1.70472600287729786481)
                  00001b3e    0000000d     ECE319K_Lab5Grader.o (.rodata.str1.140600510716839632671)
                  00001b4b    00000008     ECE319K_Lab5main.o (.rodata.EID1)
                  00001b53    00000008     ECE319K_Lab5main.o (.rodata.EID2)
                  00001b5b    00000008     ECE319K_Lab5Grader.o (.rodata.str1.69147075008774735551)
                  00001b63    00000007     ECE319K_Lab5Grader.o (.rodata.str1.19144040753989699301)
                  00001b6a    00000006     --HOLE-- [fill = 0]

.init_array 
*          0    00000000    00000000     UNINITIALIZED

.binit     0    00000000    00000000     

.sysmem    0    20200000    00000200     UNINITIALIZED
                  20200000    00000010     libc.a : memory.c.obj (.sysmem)
                  20200010    000001f0     --HOLE--

.bss       0    20200200    000000bc     UNINITIALIZED
                  20200200    00000040     FIFO.o (.bss.TxFifo)
                  20200240    00000040     (.common:Last16ADCresults)
                  20200280    00000010     FIFO.o (.bss.RxFifo)
                  20200290    00000004     (.common:LastIn)
                  20200294    00000004     (.common:M)
                  20200298    00000004     (.common:Mask)
                  2020029c    00000004     (.common:PeriodicTask2)
                  202002a0    00000004     (.common:RxGetI)
                  202002a4    00000004     (.common:RxPutI)
                  202002a8    00000004     (.common:SampleFlag)
                  202002ac    00000004     (.common:State)
                  202002b0    00000004     (.common:TExaSadc)
                  202002b4    00000004     (.common:TxGetI)
                  202002b8    00000004     (.common:TxPutI)

.data      0    202002bc    00000018     UNINITIALIZED
                  202002bc    00000004     Clock.o (.data.BusFreq)
                  202002c0    00000004     ECE319K_Lab5Grader.o (.data.Fail)
                  202002c4    00000004     ECE319K_Lab5Grader.o (.data.Last16ADCindex)
                  202002c8    00000004     ECE319K_Lab5Grader.o (.data.NotesMode)
                  202002cc    00000004     ECE319K_Lab5Grader.o (.data.Score)
                  202002d0    00000004     ECE319K_Lab5Grader.o (.data.Time)

.stack     0    20207e00    00000200     UNINITIALIZED
                  20207e00    00000004     libc.a : boot_cortex_m.c.obj (.stack)
                  20207e04    000001fc     --HOLE--

__llvm_prf_cnts 
*          0    20200000    00000000     UNINITIALIZED

__llvm_prf_bits 
*          0    20200000    00000000     UNINITIALIZED

MODULE SUMMARY

       Module                         code   ro data   rw data
       ------                         ----   -------   -------
    .\
       ECE319K_Lab5Grader.o           2872   1383      112    
       UARTints.o                     624    0         0      
       Clock.o                        464    0         4      
       FIFO.o                         316    0         96     
       LaunchPad.o                    196    0         0      
       Timer.o                        168    0         0      
       UART.o                         92     0         0      
       ECE319K_Lab5main.o             30     16        0      
    +--+------------------------------+------+---------+---------+
       Total:                         4762   1399      212    
                                                              
    .\ticlang\
       startup_mspm0g3507_ticlang.o   60     192       0      
    +--+------------------------------+------+---------+---------+
       Total:                         60     192       0      
                                                              
    C:\ti\ccs2000\ccs\tools\compiler\ti-cgt-armllvm_4.0.1.LTS\lib\armv6m-ti-none-eabi/c/libc.a
       strcmp-armv6m.S.obj            136    0         0      
       copy_decompress_lzss.c.obj     124    0         0      
       autoinit.c.obj                 60     0         0      
       boot_cortex_m.c.obj            40     0         0      
       copy_zero_init.c.obj           22     0         0      
       copy_decompress_none.c.obj     18     0         0      
       memcpy16.S.obj                 18     0         0      
       exit.c.obj                     4      0         0      
       pre_init.c.obj                 4      0         0      
    +--+------------------------------+------+---------+---------+
       Total:                         426    0         0      
                                                              
    C:\ti\ccs2000\ccs\tools\compiler\ti-cgt-armllvm_4.0.1.LTS\lib\armv6m-ti-none-eabi/libclang_rt.builtins.a
       aeabi_idivmod.S.obj            86     0         0      
       aeabi_uidivmod.S.obj           64     0         0      
       aeabi_memcpy.S.obj             8      0         0      
       aeabi_div0.c.obj               2      0         0      
    +--+------------------------------+------+---------+---------+
       Total:                         160    0         0      
                                                              
       Heap:                          0      0         512    
       Stack:                         0      0         512    
       Linker Generated:              0      48        0      
    +--+------------------------------+------+---------+---------+
       Grand Total:                   5408   1639      1236   


LINKER GENERATED COPY TABLES

__TI_cinit_table @ 00001b90 records: 2, size/record: 8, table size: 16
	.data: load addr=00001b70, load size=0000000c bytes, run addr=202002bc, run size=00000018 bytes, compression=lzss
	.bss: load addr=00001b88, load size=00000008 bytes, run addr=20200200, run size=000000bc bytes, compression=zero_init


LINKER GENERATED HANDLER TABLE

__TI_handler_table @ 00001b7c records: 3, size/record: 4, table size: 12
	index: 0, handler: __TI_decompress_lzss
	index: 1, handler: __TI_decompress_none
	index: 2, handler: __TI_zero_init


GLOBAL SYMBOLS: SORTED ALPHABETICALLY BY Name 

address   name                          
-------   ----                          
0000149d  ADC0_IRQHandler               
0000149d  ADC1_IRQHandler               
00000b5d  ADC_Init                      
000013b9  ADC_Start                     
0000149d  AES_IRQHandler                
000012e9  ActivatePortA_B               
202002bc  BusFreq                       
000015e0  C$$EXIT                       
0000149d  CANFD0_IRQHandler             
00000a05  CheckInitialization           
0000159d  Clock_Delay                   
000015cd  Clock_Freq                    
00000851  Clock_Init80MHz               
0000149d  DAC0_IRQHandler               
0000149d  DMA_IRQHandler                
0000149d  Default_Handler               
000015ad  Delay                         
00001b4b  EID1                          
00001b53  EID2                          
000000c1  FFT                           
0000149d  GROUP0_IRQHandler             
0000149d  GROUP1_IRQHandler             
000014b9  HardFault_Handler             
0000149d  I2C0_IRQHandler               
0000149d  I2C1_IRQHandler               
00001a44  IMULTIPLIERS                  
00000385  Lab5Grader                    
202002c4  Last16ADCindex                
20200240  Last16ADCresults              
20200290  LastIn                        
00000ef9  LaunchPad_Init                
000013e1  LogicAnalyzer                 
20200294  M                             
20200298  Mask                          
0000149d  NMI_Handler                   
202002c8  NotesMode                     
00001870  NotesPeriod                   
000015f0  NotesProblem                  
000015bd  OutCRLF                       
0000149d  PendSV_Handler                
2020029c  PeriodicTask2                 
00001a64  RMULTIPLIERS                  
0000149d  RTC_IRQHandler                
0000147d  Random32                      
0000138d  ReadInput                     
000015d9  Reset_Handler                 
00001551  RxFifo_Init                   
000010fd  RxFifo_Put                    
000014f1  RxFifo_Size                   
202002a0  RxGetI                        
202002a4  RxPutI                        
0000149d  SPI0_IRQHandler               
0000149d  SPI1_IRQHandler               
0000149d  SVC_Handler                   
202002a8  SampleFlag                    
00001509  Scope                         
202002ac  State                         
000010fb  SysTick_Handler               
202002b0  TExaSadc                      
0000149d  TIMA0_IRQHandler              
0000149d  TIMA1_IRQHandler              
0000149d  TIMG0_IRQHandler              
0000149d  TIMG12_IRQHandler             
0000149d  TIMG6_IRQHandler              
00001459  TIMG7_IRQHandler              
0000149d  TIMG8_IRQHandler              
00001579  TI_memcpy_small               
00000dc1  TimerG7_IntArm                
00001149  TxFifo_Get                    
00001565  TxFifo_Init                   
00001195  TxFifo_Put                    
00001521  TxFifo_Size                   
202002b4  TxGetI                        
202002b8  TxPutI                        
00000ff1  UART0_IRQHandler              
0000149d  UART1_IRQHandler              
0000149d  UART2_IRQHandler              
0000149d  UART3_IRQHandler              
00000c91  UART_Init                     
0000122d  UART_OutChar                  
00001431  UART_OutString                
00001321  UART_OutUDec                  
20208000  __STACK_END                   
00000200  __STACK_SIZE                  
00000200  __SYSMEM_SIZE                 
00000000  __TI_ATRegion0_region_sz      
00000000  __TI_ATRegion0_src_addr       
00000000  __TI_ATRegion0_trg_addr       
00000000  __TI_ATRegion1_region_sz      
00000000  __TI_ATRegion1_src_addr       
00000000  __TI_ATRegion1_trg_addr       
00000000  __TI_ATRegion2_region_sz      
00000000  __TI_ATRegion2_src_addr       
00000000  __TI_ATRegion2_trg_addr       
00001b90  __TI_CINIT_Base               
00001ba0  __TI_CINIT_Limit              
00001ba0  __TI_CINIT_Warm               
00001b7c  __TI_Handler_Table_Base       
00001b88  __TI_Handler_Table_Limit      
000012ad  __TI_auto_init_nobinit_nopinit
00000f75  __TI_decompress_lzss          
0000158b  __TI_decompress_none          
ffffffff  __TI_pprof_out_hndl           
ffffffff  __TI_prof_data_size           
ffffffff  __TI_prof_data_start          
00000000  __TI_static_base__            
00001539  __TI_zero_init_nomemset       
000010a5  __aeabi_idiv                  
0000138b  __aeabi_idiv0                 
000010a5  __aeabi_idivmod               
00000e69  __aeabi_memcpy                
00000e69  __aeabi_memcpy4               
00000e69  __aeabi_memcpy8               
0000126d  __aeabi_uidiv                 
0000126d  __aeabi_uidivmod              
ffffffff  __binit__                     
UNDEFED   __mpu_init                    
20207e00  __stack                       
20200000  __start___llvm_prf_bits       
20200000  __start___llvm_prf_cnts       
20200000  __stop___llvm_prf_bits        
20200000  __stop___llvm_prf_cnts        
00001409  _c_int00_noargs               
20200000  _sys_memory                   
UNDEFED   _system_post_cinit            
000015dd  _system_pre_init              
000015e1  abort                         
ffffffff  binit                         
00000000  interruptVectors              
00000605  lab5grader                    
000014d5  main                          
00001357  setUpper                      
00000e71  strcmp                        


GLOBAL SYMBOLS: SORTED BY Symbol Address 

address   name                          
-------   ----                          
00000000  __TI_ATRegion0_region_sz      
00000000  __TI_ATRegion0_src_addr       
00000000  __TI_ATRegion0_trg_addr       
00000000  __TI_ATRegion1_region_sz      
00000000  __TI_ATRegion1_src_addr       
00000000  __TI_ATRegion1_trg_addr       
00000000  __TI_ATRegion2_region_sz      
00000000  __TI_ATRegion2_src_addr       
00000000  __TI_ATRegion2_trg_addr       
00000000  __TI_static_base__            
00000000  interruptVectors              
000000c1  FFT                           
00000200  __STACK_SIZE                  
00000200  __SYSMEM_SIZE                 
00000385  Lab5Grader                    
00000605  lab5grader                    
00000851  Clock_Init80MHz               
00000a05  CheckInitialization           
00000b5d  ADC_Init                      
00000c91  UART_Init                     
00000dc1  TimerG7_IntArm                
00000e69  __aeabi_memcpy                
00000e69  __aeabi_memcpy4               
00000e69  __aeabi_memcpy8               
00000e71  strcmp                        
00000ef9  LaunchPad_Init                
00000f75  __TI_decompress_lzss          
00000ff1  UART0_IRQHandler              
000010a5  __aeabi_idiv                  
000010a5  __aeabi_idivmod               
000010fb  SysTick_Handler               
000010fd  RxFifo_Put                    
00001149  TxFifo_Get                    
00001195  TxFifo_Put                    
0000122d  UART_OutChar                  
0000126d  __aeabi_uidiv                 
0000126d  __aeabi_uidivmod              
000012ad  __TI_auto_init_nobinit_nopinit
000012e9  ActivatePortA_B               
00001321  UART_OutUDec                  
00001357  setUpper                      
0000138b  __aeabi_idiv0                 
0000138d  ReadInput                     
000013b9  ADC_Start                     
000013e1  LogicAnalyzer                 
00001409  _c_int00_noargs               
00001431  UART_OutString                
00001459  TIMG7_IRQHandler              
0000147d  Random32                      
0000149d  ADC0_IRQHandler               
0000149d  ADC1_IRQHandler               
0000149d  AES_IRQHandler                
0000149d  CANFD0_IRQHandler             
0000149d  DAC0_IRQHandler               
0000149d  DMA_IRQHandler                
0000149d  Default_Handler               
0000149d  GROUP0_IRQHandler             
0000149d  GROUP1_IRQHandler             
0000149d  I2C0_IRQHandler               
0000149d  I2C1_IRQHandler               
0000149d  NMI_Handler                   
0000149d  PendSV_Handler                
0000149d  RTC_IRQHandler                
0000149d  SPI0_IRQHandler               
0000149d  SPI1_IRQHandler               
0000149d  SVC_Handler                   
0000149d  TIMA0_IRQHandler              
0000149d  TIMA1_IRQHandler              
0000149d  TIMG0_IRQHandler              
0000149d  TIMG12_IRQHandler             
0000149d  TIMG6_IRQHandler              
0000149d  TIMG8_IRQHandler              
0000149d  UART1_IRQHandler              
0000149d  UART2_IRQHandler              
0000149d  UART3_IRQHandler              
000014b9  HardFault_Handler             
000014d5  main                          
000014f1  RxFifo_Size                   
00001509  Scope                         
00001521  TxFifo_Size                   
00001539  __TI_zero_init_nomemset       
00001551  RxFifo_Init                   
00001565  TxFifo_Init                   
00001579  TI_memcpy_small               
0000158b  __TI_decompress_none          
0000159d  Clock_Delay                   
000015ad  Delay                         
000015bd  OutCRLF                       
000015cd  Clock_Freq                    
000015d9  Reset_Handler                 
000015dd  _system_pre_init              
000015e0  C$$EXIT                       
000015e1  abort                         
000015f0  NotesProblem                  
00001870  NotesPeriod                   
00001a44  IMULTIPLIERS                  
00001a64  RMULTIPLIERS                  
00001b4b  EID1                          
00001b53  EID2                          
00001b7c  __TI_Handler_Table_Base       
00001b88  __TI_Handler_Table_Limit      
00001b90  __TI_CINIT_Base               
00001ba0  __TI_CINIT_Limit              
00001ba0  __TI_CINIT_Warm               
20200000  __start___llvm_prf_bits       
20200000  __start___llvm_prf_cnts       
20200000  __stop___llvm_prf_bits        
20200000  __stop___llvm_prf_cnts        
20200000  _sys_memory                   
20200240  Last16ADCresults              
20200290  LastIn                        
20200294  M                             
20200298  Mask                          
2020029c  PeriodicTask2                 
202002a0  RxGetI                        
202002a4  RxPutI                        
202002a8  SampleFlag                    
202002ac  State                         
202002b0  TExaSadc                      
202002b4  TxGetI                        
202002b8  TxPutI                        
202002bc  BusFreq                       
202002c4  Last16ADCindex                
202002c8  NotesMode                     
20207e00  __stack                       
20208000  __STACK_END                   
ffffffff  __TI_pprof_out_hndl           
ffffffff  __TI_prof_data_size           
ffffffff  __TI_prof_data_start          
ffffffff  __binit__                     
ffffffff  binit                         
UNDEFED   __mpu_init                    
UNDEFED   _system_post_cinit            

[133 symbols]
